Build:Feb  7 2021
rst:0x1 (POWERON),boot:0xc (SPI_FAST_FLASH_BOOT)
SPIWP:0xee
mode:DIO, clock div:1
load:0x3fcd5820,len:0x1704
load:0x403cc710,len:0x968
load:0x403ce710,len:0x2f68
SHA-256 comparison failed:
Calculated: 66644ebad73b72b7ddbb03968643a230b07c1fa6fbeb13da6f5c4191fbed9fe4
Expected: ffffffffffffffffffffffffffffffffffffffffffffffffffffffffffffffff
Attempting to boot anyway...
entry 0x403cc710
I (48) boot: ESP-IDF v5.1.1 2nd stage bootloader
I (49) boot: compile time Feb  7 2024 15:55:40
I (49) boot: chip revision: v0.4
I (52) boot.esp32c3: SPI Speed      : 80MHz
I (56) boot.esp32c3: SPI Mode       : DIO
I (61) boot.esp32c3: SPI Flash Size : 4MB
I (66) boot: Enabling RNG early entropy source...
I (71) boot: Partition Table:
I (75) boot: ## Label            Usage          Type ST Offset   Length
I (82) boot:  0 nvs              WiFi data        01 02 00009000 00005000
I (90) boot:  1 key              unknown          40 00 0000e000 00001000
I (97) boot:  2 phy_init         RF data          01 01 0000f000 00001000
I (104) boot:  3 factory          factory app      00 00 00010000 00200000
I (112) boot: End of partition table
I (116) esp_image: segment 0: paddr=00010020 vaddr=3c100020 size=37750h (227152) map
I (144) esp_image: segment 1: paddr=00047778 vaddr=3fc93800 size=03084h ( 12420) load
I (146) esp_image: segment 2: paddr=0004a804 vaddr=40380000 size=05814h ( 22548) load
I (152) esp_image: segment 3: paddr=00050020 vaddr=42000020 size=f917ch (1020284) map
I (244) esp_image: segment 4: paddr=001491a4 vaddr=40385814 size=0ded0h ( 57040) load
I (257) boot: Loaded app from partition at offset 0x10000
I (257) boot: Disabling RNG early entropy source...
I (269) cpu_start: Unicore app
I (269) cpu_start: Pro cpu up.
I (278) cpu_start: Pro cpu start user code
I (278) cpu_start: cpu freq: 160000000 Hz
I (279) cpu_start: Application information:
I (281) cpu_start: Project name:     openhaystack
I (287) cpu_start: App version:      e95483c-dirty
I (292) cpu_start: Compile time:     Mar 10 2024 17:29:30
I (298) cpu_start: ELF file SHA256:  557d8b39f8ff5534...
I (304) cpu_start: ESP-IDF:          v5.1.1
I (309) cpu_start: Min chip rev:     v0.3
I (314) cpu_start: Max chip rev:     v0.99
I (319) cpu_start: Chip rev:         v0.4
I (324) heap_init: Initializing. RAM available for dynamic allocation:
I (331) heap_init: At 3FC9E590 len 0003E180 (248 KiB): DRAM
I (337) heap_init: At 3FCDC710 len 00002950 (10 KiB): STACK/DRAM
I (344) heap_init: At 50000010 len 00001FD8 (7 KiB): RTCRAM
I (351) spi_flash: detected chip: generic
I (355) spi_flash: flash io: dio
I (359) sleep: Configure to isolate all GPIO pins in sleep state
I (365) sleep: Enable automatic switching of GPIO sleep configuration
I (372) coexist: coex firmware version: 80b0d89
I (378) coexist: coexist rom version 9387209
I (383) app_start: Starting scheduler on CPU0
I (388) main_task: Started on CPU0
I (388) main_task: Calling app_main()
I (398) BLE_INIT: BT controller compile version [963cad4]
I (398) phy_init: phy_version 970,1856f88,May 10 2023,17:44:12
I (448) BLE_INIT: Bluetooth MAC: 34:85:18:20:62:22

I (458) WIFI: ESP_WIFI_MODE_STA
I (458) pp: pp rom version: 9387209
I (458) net80211: net80211 rom version: 9387209
I (468) wifi:wifi driver task: 3fcb492c, prio:23, stack:6656, core=0
I (478) wifi:wifi firmware version: ce9244d
I (478) wifi:wifi certification version: v7.0
I (478) wifi:config NVS flash: enabled
I (478) wifi:config nano formating: disabled
I (488) wifi:Init data frame dynamic rx buffer num: 32
I (488) wifi:Init management frame dynamic rx buffer num: 32
I (498) wifi:Init management short buffer num: 32
I (498) wifi:Init dynamic tx buffer num: 32
I (498) wifi:Init static tx FG buffer num: 2
I (508) wifi:Init static rx buffer size: 1600
I (508) wifi:Init static rx buffer num: 10
I (518) wifi:Init dynamic rx buffer num: 32
I (518) wifi_init: rx ba win: 6
I (518) wifi_init: tcpip mbox: 32
I (528) wifi_init: udp mbox: 6
I (528) wifi_init: tcp mbox: 6
I (538) wifi_init: tcp tx win: 5744
I (538) wifi_init: tcp rx win: 5744
I (538) wifi_init: tcp mss: 1440
I (548) wifi_init: WiFi IRAM OP enabled
I (548) wifi_init: WiFi RX IRAM OP enabled
I (558) wifi:mode : sta (34:85:18:20:62:20)
I (558) wifi:enable tsf
I (568) WIFI: wifi_init_sta finished.
I (568) wifi:new:<11,0>, old:<1,0>, ap:<255,255>, sta:<11,0>, prof:1
I (568) wifi:state: init -> auth (b0)
I (588) wifi:state: auth -> assoc (0)
I (618) wifi:state: assoc -> run (10)
I (648) wifi:connected with Galaxy A53 5G 1935, aid = 1, channel 11, BW20, bssid = 4a:76:3a:af:43:ac
I (648) wifi:security: WPA2-PSK, phy: bgn, rssi: -32
I (648) wifi:pm start, type: 1

I (658) wifi:set rx beacon pti, rx_bcn_pti: 14, bcn_timeout: 25000, mt_pti: 14, mt_time: 10000
I (658) wifi:<ba-add>idx:0 (ifx:0, 4a:76:3a:af:43:ac), tid:0, ssn:0, winSize:64
I (688) wifi:AP's beacon interval = 102400 us, DTIM period = 2
I (1668) esp_netif_handlers: sta ip: 192.168.191.115, mask: 255.255.255.0, gw: 192.168.191.206
I (1668) WIFI: got ip:192.168.191.115
I (1668) WIFI: connected to ap SSID:Galaxy A53 5G 1935 password:ixvo3528
Bytes: 42 00 
I (2688) findmy_modem:   pub key to use (1. try): ba be 80 00 80 22 00 00 00 00 00 02 00 00 00 00 00 00 00 00 00 00 00 00 00 00 00 42
I (2698) TIMESTAMP: Unix: 1711087974
I (2698) findmy_modem:     resetting. Will now use device address: fa be 80 00 80 22
I (2708) findmy_modem: advertising stopped
I (2718) findmy_modem: advertising started
I (3718) findmy_modem: advertising stopped
E (3718) findmy_modem: Time to send message: 1041194
I (3718) TIMESTAMP: Unix: 1711087975
I (3718) findmy_modem: advertising stopped
I (3728) wifi:state: run -> init (0)
I (3728) wifi:pm stop, total sleep time: 1745422 us / 3073139 us

I (3728) wifi:<ba-del>idx:0, tid:0
I (3738) wifi:new:<11,0>, old:<11,0>, ap:<255,255>, sta:<11,0>, prof:1
I (3748) WIFI: connect to the AP fail
I (3748) wifi:flush txq
I (3748) wifi:stop sw txq
I (3748) wifi:lmac stop hw txq
I (3758) main_task: Returned from app_main()
