ESP-ROM:esp32c3-api1-20210207
Build:Feb  7 2021
rst:0x1 (POWERON),boot:0xc (SPI_FAST_FLASH_BOOT)
SPIWP:0xee
mode:DIO, clock div:1
load:0x3fcd5820,len:0x1704
load:0x403cc710,len:0x968
load:0x403ce710,len:0x2f68
entry 0x403cc710
[0;32mI (30) boot: ESP-IDF v5.1.1 2nd stage bootloader[0m
[0;32mI (30) boot: compile time Oct  9 2023 16:50:48[0m
[0;32mI (30) boot: chip revision: v0.4[0m
[0;32mI (33) boot.esp32c3: SPI Speed      : 80MHz[0m
[0;32mI (38) boot.esp32c3: SPI Mode       : DIO[0m
[0;32mI (43) boot.esp32c3: SPI Flash Size : 4MB[0m
[0;32mI (47) boot: Enabling RNG early entropy source...[0m
[0;32mI (53) boot: Partition Table:[0m
[0;32mI (56) boot: ## Label            Usage          Type ST Offset   Length[0m
[0;32mI (64) boot:  0 nvs              WiFi data        01 02 00009000 00005000[0m
[0;32mI (71) boot:  1 key              unknown          40 00 0000e000 00001000[0m
[0;32mI (79) boot:  2 phy_init         RF data          01 01 0000f000 00001000[0m
[0;32mI (86) boot:  3 factory          factory app      00 00 00010000 00200000[0m
[0;32mI (94) boot: End of partition table[0m
[0;32mI (98) esp_image: segment 0: paddr=00010020 vaddr=3c100020 size=37708h (227080) map[0m
[0;32mI (142) esp_image: segment 1: paddr=00047730 vaddr=3fc93800 size=03084h ( 12420) load[0m
[0;32mI (145) esp_image: segment 2: paddr=0004a7bc vaddr=40380000 size=0585ch ( 22620) load[0m
[0;32mI (152) esp_image: segment 3: paddr=00050020 vaddr=42000020 size=f8dbch (1019324) map[0m
[0;32mI (319) esp_image: segment 4: paddr=00148de4 vaddr=4038585c size=0de88h ( 56968) load[0m
[0;32mI (336) boot: Loaded app from partition at offset 0x10000[0m
[0;32mI (336) boot: Disabling RNG early entropy source...[0m
[0;32mI (348) cpu_start: Unicore app[0m
[0;32mI (348) cpu_start: Pro cpu up.[0m
[0;32mI (357) cpu_start: Pro cpu start user code[0m
[0;32mI (357) cpu_start: cpu freq: 160000000 Hz[0m
[0;32mI (357) cpu_start: Application information:[0m
[0;32mI (360) cpu_start: Project name:     openhaystack[0m
[0;32mI (366) cpu_start: App version:      51053a7-dirty[0m
[0;32mI (371) cpu_start: Compile time:     Oct  9 2023 16:50:23[0m
[0;32mI (377) cpu_start: ELF file SHA256:  999682c4f78f318c...[0m
[0;32mI (383) cpu_start: ESP-IDF:          v5.1.1[0m
[0;32mI (388) cpu_start: Min chip rev:     v0.3[0m
[0;32mI (393) cpu_start: Max chip rev:     v0.99 [0m
[0;32mI (398) cpu_start: Chip rev:         v0.4[0m
[0;32mI (402) heap_init: Initializing. RAM available for dynamic allocation:[0m
[0;32mI (410) heap_init: At 3FC9E570 len 0003E1A0 (248 KiB): DRAM[0m
[0;32mI (416) heap_init: At 3FCDC710 len 00002950 (10 KiB): STACK/DRAM[0m
[0;32mI (422) heap_init: At 50000010 len 00001FD8 (7 KiB): RTCRAM[0m
[0;32mI (430) spi_flash: detected chip: generic[0m
[0;32mI (433) spi_flash: flash io: dio[0m
[0;32mI (438) sleep: Configure to isolate all GPIO pins in sleep state[0m
[0;32mI (444) sleep: Enable automatic switching of GPIO sleep configuration[0m
[0;32mI (451) coexist: coex firmware version: 80b0d89[0m
[0;32mI (457) coexist: coexist rom version 9387209[0m
[0;32mI (462) app_start: Starting scheduler on CPU0[0m
[0;32mI (466) main_task: Started on CPU0[0m
[0;32mI (466) main_task: Calling app_main()[0m
[0;32mI (476) BLE_INIT: BT controller compile version [963cad4][0m
[0;32mI (476) phy_init: phy_version 970,1856f88,May 10 2023,17:44:12[0m
[0;32mI (536) BLE_INIT: Bluetooth MAC: 34:85:18:20:62:22
[0m
[0;32mI (556) WIFI: ESP_WIFI_MODE_STA[0m
[0;32mI (556) pp: pp rom version: 9387209[0m
[0;32mI (556) net80211: net80211 rom version: 9387209[0m
I (566) wifi:wifi driver task: 3fcb490c, prio:23, stack:6656, core=0
I (576) wifi:wifi firmware version: ce9244d
I (576) wifi:wifi certification version: v7.0
I (576) wifi:config NVS flash: enabled
I (576) wifi:config nano formating: disabled
I (586) wifi:Init data frame dynamic rx buffer num: 32
I (586) wifi:Init management frame dynamic rx buffer num: 32
I (596) wifi:Init management short buffer num: 32
I (596) wifi:Init dynamic tx buffer num: 32
I (596) wifi:Init static tx FG buffer num: 2
I (606) wifi:Init static rx buffer size: 1600
I (606) wifi:Init static rx buffer num: 10
I (616) wifi:Init dynamic rx buffer num: 32
[0;32mI (616) wifi_init: rx ba win: 6[0m
[0;32mI (616) wifi_init: tcpip mbox: 32[0m
[0;32mI (626) wifi_init: udp mbox: 6[0m
[0;32mI (626) wifi_init: tcp mbox: 6[0m
[0;32mI (626) wifi_init: tcp tx win: 5744[0m
[0;32mI (636) wifi_init: tcp rx win: 5744[0m
[0;32mI (636) wifi_init: tcp mss: 1440[0m
[0;32mI (646) wifi_init: WiFi IRAM OP enabled[0m
[0;32mI (646) wifi_init: WiFi RX IRAM OP enabled[0m
I (656) wifi:mode : sta (34:85:18:20:62:20)
I (656) wifi:enable tsf
[0;32mI (656) WIFI: wifi_init_sta finished.[0m
I (666) wifi:new:<6,0>, old:<1,0>, ap:<255,255>, sta:<6,0>, prof:1
I (666) wifi:state: init -> auth (b0)
I (686) wifi:state: auth -> assoc (0)
I (696) wifi:state: assoc -> run (10)
I (716) wifi:connected with Galaxy A53 5G 1935, aid = 1, channel 6, BW20, bssid = 4a:76:3a:af:43:ac
I (716) wifi:security: WPA2-PSK, phy: bgn, rssi: -31
I (716) wifi:pm start, type: 1

I (726) wifi:set rx beacon pti, rx_bcn_pti: 14, bcn_timeout: 25000, mt_pti: 14, mt_time: 10000
I (736) wifi:<ba-add>idx:0 (ifx:0, 4a:76:3a:af:43:ac), tid:0, ssn:0, winSize:64
I (776) wifi:AP's beacon interval = 102400 us, DTIM period = 2
[0;32mI (3746) findmy_modem: Sending initial default message: A[0m
[0;32mI (3746) findmy_modem: Data to send (msg_id: 0): A[0m
[0;32mI (3746) findmy_modem:   Sending byte 0/1 (0x41)[0m
[0;32mI (3766) findmy_modem:   pub key to use (1. try): ba be 00 00 00 00 00 00 00 00 80 00 80 04 00 00 00 00 00 00 00 00 00 00 00 00 00 ... 00[0m
[0;32mI (3806) findmy_modem:   pub key to use (1. try): ba be 00 00 00 01 00 00 00 00 80 00 80 04 00 00 00 00 00 00 00 00 00 00 00 00 00 ... 01[0m
[0;32mI (3846) findmy_modem:   pub key to use (1. try): ba be 00 00 00 02 00 00 00 00 80 00 80 04 00 00 00 00 00 00 00 00 00 00 00 00 00 ... 00[0m
[0;32mI (3886) findmy_modem:   pub key to use (1. try): ba be 00 00 00 03 00 00 00 00 80 00 80 04 00 00 00 00 00 00 00 00 00 00 00 00 00 ... 00[0m
[0;32mI (3946) findmy_modem:   pub key to use (2. try): ba be 00 00 00 04 00 00 00 00 80 00 80 04 00 00 00 01 00 00 00 00 00 00 00 00 00 ... 00[0m
[0;32mI (3986) findmy_modem:   pub key to use (1. try): ba be 00 00 00 05 00 00 00 00 80 00 80 04 00 00 00 00 00 00 00 00 00 00 00 00 00 ... 00[0m
[0;32mI (4026) findmy_modem:   pub key to use (1. try): ba be 00 00 00 06 00 00 00 00 80 00 80 04 00 00 00 00 00 00 00 00 00 00 00 00 00 ... 00[0m
[0;32mI (4086) findmy_modem:   pub key to use (2. try): ba be 00 00 00 07 00 00 00 00 80 00 80 04 00 00 00 01 00 00 00 00 00 00 00 00 00 ... 01[0m
[0;32mI (4116) TIMESTAMP: Unix: 1697001084[0m
[0;32mI (4116) findmy_modem:   Sending byte 1/1 (0x00)[0m
[0;32mI (4166) findmy_modem:   pub key to use (3. try): ba be 00 00 00 08 00 00 00 00 80 00 80 04 00 00 00 02 00 00 00 00 00 00 00 00 00 ... 00[0m
[0;32mI (4206) findmy_modem:   pub key to use (1. try): ba be 00 00 00 09 00 00 00 00 80 00 80 04 00 00 00 00 00 00 00 00 00 00 00 00 00 ... 00[0m
[0;32mI (4246) findmy_modem:   pub key to use (1. try): ba be 00 00 00 0a 00 00 00 00 80 00 80 04 00 00 00 00 00 00 00 00 00 00 00 00 00 ... 00[0m
[0;32mI (4306) findmy_modem:   pub key to use (2. try): ba be 00 00 00 0b 00 00 00 00 80 00 80 04 00 00 00 01 00 00 00 00 00 00 00 00 00 ... 00[0m
[0;32mI (4346) findmy_modem:   pub key to use (1. try): ba be 00 00 00 0c 00 00 00 00 80 00 80 04 00 00 00 00 00 00 00 00 00 00 00 00 00 ... 00[0m
[0;32mI (4406) findmy_modem:   pub key to use (2. try): ba be 00 00 00 0d 00 00 00 00 80 00 80 04 00 00 00 01 00 00 00 00 00 00 00 00 00 ... 00[0m
[0;32mI (4466) findmy_modem:   pub key to use (2. try): ba be 00 00 00 0e 00 00 00 00 80 00 80 04 00 00 00 01 00 00 00 00 00 00 00 00 00 ... 00[0m
[0;32mI (4506) findmy_modem:   pub key to use (1. try): ba be 00 00 00 0f 00 00 00 00 80 00 80 04 00 00 00 00 00 00 00 00 00 00 00 00 00 ... 00[0m
[0;32mI (4536) TIMESTAMP: Unix: 1697001084[0m
[0;32mI (34536) TIMESTAMP: Unix: 1697001114[0m
I (34536) wifi:state: run -> init (0)
I (34536) wifi:pm stop, total sleep time: 29883866 us / 33812687 us

I (34536) wifi:<ba-del>idx:0, tid:0
I (34536) wifi:new:<6,0>, old:<6,0>, ap:<255,255>, sta:<6,0>, prof:1
[0;32mI (34546) WIFI: retry to connect to the AP[0m
[0;32mI (34546) WIFI: connect to the AP fail[0m
I (34556) wifi:new:<6,0>, old:<6,0>, ap:<255,255>, sta:<6,0>, prof:1
I (34556) wifi:state: init -> auth (b0)
I (34566) wifi:state: auth -> init (0)
I (34566) wifi:new:<6,0>, old:<6,0>, ap:<255,255>, sta:<6,0>, prof:1
[0;32mI (34576) WIFI: retry to connect to the AP[0m
[0;32mI (34576) WIFI: connect to the AP fail[0m
I (34586) wifi:flush txq
I (34586) wifi:stop sw txq
I (34586) wifi:lmac stop hw txq
[0;32mI (34586) main_task: Returned from app_main()[0m
